// Jest Snapshot v1, https://goo.gl/fbAQLP

exports[`VitePress should generate typedoc sidebar 1`] = `"[{"text":"module-1","link":"/test/out/default/module-1/","collapsed":true,"items":[{"text":"Classes","collapsed":true,"items":[{"text":"ClassA","link":"/test/out/default/module-1/classes/ClassA.md"},{"text":"ClassB","link":"/test/out/default/module-1/classes/ClassB.md"}]},{"text":"Interfaces","collapsed":true,"items":[{"text":"InterfaceA","link":"/test/out/default/module-1/interfaces/InterfaceA.md"},{"text":"InterfaceB","link":"/test/out/default/module-1/interfaces/InterfaceB.md"}]}]},{"text":"module-2","link":"/test/out/default/module-2/","collapsed":true,"items":[{"text":"Classes","collapsed":true,"items":[{"text":"ClassA","link":"/test/out/default/module-2/classes/ClassA.md"},{"text":"ClassB","link":"/test/out/default/module-2/classes/ClassB.md"}]},{"text":"Interfaces","collapsed":true,"items":[{"text":"InterfaceA","link":"/test/out/default/module-2/interfaces/InterfaceA.md"},{"text":"InterfaceB","link":"/test/out/default/module-2/interfaces/InterfaceB.md"}]}]}]"`;

exports[`VitePress should generate typedoc sidebar with duplicate out and docsRoots 1`] = `"[{"text":"module-1","link":"/module-1/","collapsed":true,"items":[{"text":"Classes","collapsed":true,"items":[{"text":"ClassA","link":"/module-1/classes/ClassA.md"},{"text":"ClassB","link":"/module-1/classes/ClassB.md"}]},{"text":"Interfaces","collapsed":true,"items":[{"text":"InterfaceA","link":"/module-1/interfaces/InterfaceA.md"},{"text":"InterfaceB","link":"/module-1/interfaces/InterfaceB.md"}]}]},{"text":"module-2","link":"/module-2/","collapsed":true,"items":[{"text":"Classes","collapsed":true,"items":[{"text":"ClassA","link":"/module-2/classes/ClassA.md"},{"text":"ClassB","link":"/module-2/classes/ClassB.md"}]},{"text":"Interfaces","collapsed":true,"items":[{"text":"InterfaceA","link":"/module-2/interfaces/InterfaceA.md"},{"text":"InterfaceB","link":"/module-2/interfaces/InterfaceB.md"}]}]}]"`;

exports[`VitePress should generate typedoc sidebar with options 1`] = `
"[
  {
    "text": "module-1",
    "link": "/sidebar-options/module-1/",
    "collapsed": false,
    "items": [
      {
        "text": "Classes",
        "collapsed": false,
        "items": [
          {
            "text": "ClassA",
            "link": "/sidebar-options/module-1/classes/ClassA.md"
          },
          {
            "text": "ClassB",
            "link": "/sidebar-options/module-1/classes/ClassB.md"
          }
        ]
      },
      {
        "text": "Interfaces",
        "collapsed": false,
        "items": [
          {
            "text": "InterfaceA",
            "link": "/sidebar-options/module-1/interfaces/InterfaceA.md"
          },
          {
            "text": "InterfaceB",
            "link": "/sidebar-options/module-1/interfaces/InterfaceB.md"
          }
        ]
      }
    ]
  },
  {
    "text": "module-2",
    "link": "/sidebar-options/module-2/",
    "collapsed": false,
    "items": [
      {
        "text": "Classes",
        "collapsed": false,
        "items": [
          {
            "text": "ClassA",
            "link": "/sidebar-options/module-2/classes/ClassA.md"
          },
          {
            "text": "ClassB",
            "link": "/sidebar-options/module-2/classes/ClassB.md"
          }
        ]
      },
      {
        "text": "Interfaces",
        "collapsed": false,
        "items": [
          {
            "text": "InterfaceA",
            "link": "/sidebar-options/module-2/interfaces/InterfaceA.md"
          },
          {
            "text": "InterfaceB",
            "link": "/sidebar-options/module-2/interfaces/InterfaceB.md"
          }
        ]
      }
    ]
  }
]"
`;

exports[`VitePress should output docs with vitepress theme 1`] = `
"# typedoc-vitepress-theme

## Modules

- [module-1](module-1/index.md)
- [module-2](module-2/index.md)
"
`;

exports[`VitePress should output members that require anchor slugification 1`] = `
"# Interface: InterfaceA

See [InterfaceB.\\_prop\\_with\\_underscore\\_](InterfaceB.md#prop-with-underscore)
"
`;
